src/components/MerchantSection.tsx(4,28): error TS6133: 'Users' is declared but its value is never read.
src/components/MerchantSection.tsx(4,35): error TS6133: 'Heart' is declared but its value is never read.
src/components/MerchantSection.tsx(4,42): error TS6133: 'Search' is declared but its value is never read.
src/components/MerchantSection.tsx(4,50): error TS6133: 'Filter' is declared but its value is never read.
src/pages/MerchantRegistration.tsx(1,20): error TS6133: 'useEffect' is declared but its value is never read.
src/pages/MerchantRegistration.tsx(5,62): error TS6133: 'X' is declared but its value is never read.
src/pages/MerchantRegistration.tsx(457,7): error TS6133: 'generateSlug' is declared but its value is never read.
src/pages/ProfilePage.tsx(5,107): error TS6133: 'Loader2' is declared but its value is never read.
